Archive member included to satisfy reference by file (symbol)

/home/vaserg/Ac6/SystemWorkbench/plugins/fr.ac6.mcu.externaltools.arm-none.linux64_1.17.0.201812190825/tools/compiler/bin/../lib/gcc/arm-none-eabi/7.3.1/thumb/v7e-m/fpv4-sp/hard/libgcc.a(_aeabi_uldivmod.o)
                              Drivers/STM32F4xx_HAL_Driver/Src/stm32f4xx_hal_rcc.o (__aeabi_uldivmod)
/home/vaserg/Ac6/SystemWorkbench/plugins/fr.ac6.mcu.externaltools.arm-none.linux64_1.17.0.201812190825/tools/compiler/bin/../lib/gcc/arm-none-eabi/7.3.1/thumb/v7e-m/fpv4-sp/hard/libgcc.a(_udivmoddi4.o)
                              /home/vaserg/Ac6/SystemWorkbench/plugins/fr.ac6.mcu.externaltools.arm-none.linux64_1.17.0.201812190825/tools/compiler/bin/../lib/gcc/arm-none-eabi/7.3.1/thumb/v7e-m/fpv4-sp/hard/libgcc.a(_aeabi_uldivmod.o) (__udivmoddi4)
/home/vaserg/Ac6/SystemWorkbench/plugins/fr.ac6.mcu.externaltools.arm-none.linux64_1.17.0.201812190825/tools/compiler/bin/../lib/gcc/arm-none-eabi/7.3.1/thumb/v7e-m/fpv4-sp/hard/libgcc.a(_dvmd_tls.o)
                              /home/vaserg/Ac6/SystemWorkbench/plugins/fr.ac6.mcu.externaltools.arm-none.linux64_1.17.0.201812190825/tools/compiler/bin/../lib/gcc/arm-none-eabi/7.3.1/thumb/v7e-m/fpv4-sp/hard/libgcc.a(_aeabi_uldivmod.o) (__aeabi_ldiv0)
/home/vaserg/Ac6/SystemWorkbench/plugins/fr.ac6.mcu.externaltools.arm-none.linux64_1.17.0.201812190825/tools/compiler/bin/../lib/gcc/arm-none-eabi/7.3.1/../../../../arm-none-eabi/lib/thumb/v7e-m/fpv4-sp/hard/libc_nano.a(lib_a-errno.o)
                              Core/Src/syscalls.o (__errno)
/home/vaserg/Ac6/SystemWorkbench/plugins/fr.ac6.mcu.externaltools.arm-none.linux64_1.17.0.201812190825/tools/compiler/bin/../lib/gcc/arm-none-eabi/7.3.1/../../../../arm-none-eabi/lib/thumb/v7e-m/fpv4-sp/hard/libc_nano.a(lib_a-exit.o)
                              /home/vaserg/Ac6/SystemWorkbench/plugins/fr.ac6.mcu.externaltools.arm-none.linux64_1.17.0.201812190825/tools/compiler/bin/../lib/gcc/arm-none-eabi/7.3.1/../../../../arm-none-eabi/lib/thumb/v7e-m/fpv4-sp/hard/crt0.o (exit)
/home/vaserg/Ac6/SystemWorkbench/plugins/fr.ac6.mcu.externaltools.arm-none.linux64_1.17.0.201812190825/tools/compiler/bin/../lib/gcc/arm-none-eabi/7.3.1/../../../../arm-none-eabi/lib/thumb/v7e-m/fpv4-sp/hard/libc_nano.a(lib_a-impure.o)
                              /home/vaserg/Ac6/SystemWorkbench/plugins/fr.ac6.mcu.externaltools.arm-none.linux64_1.17.0.201812190825/tools/compiler/bin/../lib/gcc/arm-none-eabi/7.3.1/../../../../arm-none-eabi/lib/thumb/v7e-m/fpv4-sp/hard/libc_nano.a(lib_a-exit.o) (_global_impure_ptr)
/home/vaserg/Ac6/SystemWorkbench/plugins/fr.ac6.mcu.externaltools.arm-none.linux64_1.17.0.201812190825/tools/compiler/bin/../lib/gcc/arm-none-eabi/7.3.1/../../../../arm-none-eabi/lib/thumb/v7e-m/fpv4-sp/hard/libc_nano.a(lib_a-init.o)
                              /home/vaserg/Ac6/SystemWorkbench/plugins/fr.ac6.mcu.externaltools.arm-none.linux64_1.17.0.201812190825/tools/compiler/bin/../lib/gcc/arm-none-eabi/7.3.1/../../../../arm-none-eabi/lib/thumb/v7e-m/fpv4-sp/hard/crt0.o (__libc_init_array)
/home/vaserg/Ac6/SystemWorkbench/plugins/fr.ac6.mcu.externaltools.arm-none.linux64_1.17.0.201812190825/tools/compiler/bin/../lib/gcc/arm-none-eabi/7.3.1/../../../../arm-none-eabi/lib/thumb/v7e-m/fpv4-sp/hard/libc_nano.a(lib_a-memcpy-stub.o)
                              Middlewares/Third_Party/FreeRTOS/Source/queue.o (memcpy)
/home/vaserg/Ac6/SystemWorkbench/plugins/fr.ac6.mcu.externaltools.arm-none.linux64_1.17.0.201812190825/tools/compiler/bin/../lib/gcc/arm-none-eabi/7.3.1/../../../../arm-none-eabi/lib/thumb/v7e-m/fpv4-sp/hard/libc_nano.a(lib_a-memset.o)
                              /home/vaserg/Ac6/SystemWorkbench/plugins/fr.ac6.mcu.externaltools.arm-none.linux64_1.17.0.201812190825/tools/compiler/bin/../lib/gcc/arm-none-eabi/7.3.1/../../../../arm-none-eabi/lib/thumb/v7e-m/fpv4-sp/hard/crt0.o (memset)

Allocating common symbols
Common symbol       size              file

ledONHandle         0x4               Core/Src/freertos.o
uwTick              0x4               Drivers/STM32F4xx_HAL_Driver/Src/stm32f4xx_hal.o
xQueueRegistry      0x40              Middlewares/Third_Party/FreeRTOS/Source/queue.o
pFlash              0x20              Drivers/STM32F4xx_HAL_Driver/Src/stm32f4xx_hal_flash.o
htim1               0x40              Core/Src/stm32f4xx_hal_timebase_tim.o
ledOFFHandle        0x4               Core/Src/freertos.o
myQueue01Handle     0x4               Core/Src/freertos.o

Discarded input sections

 .text          0x0000000000000000        0x0 /home/vaserg/Ac6/SystemWorkbench/plugins/fr.ac6.mcu.externaltools.arm-none.linux64_1.17.0.201812190825/tools/compiler/bin/../lib/gcc/arm-none-eabi/7.3.1/thumb/v7e-m/fpv4-sp/hard/crti.o
 .data          0x0000000000000000        0x0 /home/vaserg/Ac6/SystemWorkbench/plugins/fr.ac6.mcu.externaltools.arm-none.linux64_1.17.0.201812190825/tools/compiler/bin/../lib/gcc/arm-none-eabi/7.3.1/thumb/v7e-m/fpv4-sp/hard/crti.o
[...]
Memory Configuration

Name             Origin             Length             Attributes
RAM              0x0000000020000000 0x0000000000030000 xrw
CCMRAM           0x0000000010000000 0x0000000000010000 rw
FLASH            0x0000000008000000 0x0000000000100000 xr
*default*        0x0000000000000000 0xffffffffffffffff

Linker script and memory map

LOAD /home/vaserg/Ac6/SystemWorkbench/plugins/fr.ac6.mcu.externaltools.arm-none.linux64_1.17.0.201812190825/tools/compiler/bin/../lib/gcc/arm-none-eabi/7.3.1/thumb/v7e-m/fpv4-sp/hard/crti.o
LOAD /home/vaserg/Ac6/SystemWorkbench/plugins/fr.ac6.mcu.externaltools.arm-none.linux64_1.17.0.201812190825/tools/compiler/bin/../lib/gcc/arm-none-eabi/7.3.1/thumb/v7e-m/fpv4-sp/hard/crtbegin.o
LOAD /home/vaserg/Ac6/SystemWorkbench/plugins/fr.ac6.mcu.externaltools.arm-none.linux64_1.17.0.201812190825/tools/compiler/bin/../lib/gcc/arm-none-eabi/7.3.1/../../../../arm-none-eabi/lib/thumb/v7e-m/fpv4-sp/hard/crt0.o
LOAD Core/Src/freertos.o
LOAD Core/Src/gpio.o
LOAD Core/Src/main.o
LOAD Core/Src/stm32f4xx_hal_msp.o
LOAD Core/Src/stm32f4xx_hal_timebase_tim.o
LOAD Core/Src/stm32f4xx_it.o
LOAD Core/Src/syscalls.o
LOAD Core/Src/system_stm32f4xx.o
LOAD Drivers/STM32F4xx_HAL_Driver/Src/stm32f4xx_hal.o
LOAD Drivers/STM32F4xx_HAL_Driver/Src/stm32f4xx_hal_cortex.o
LOAD Drivers/STM32F4xx_HAL_Driver/Src/stm32f4xx_hal_dma.o
LOAD Drivers/STM32F4xx_HAL_Driver/Src/stm32f4xx_hal_dma_ex.o
LOAD Drivers/STM32F4xx_HAL_Driver/Src/stm32f4xx_hal_exti.o
LOAD Drivers/STM32F4xx_HAL_Driver/Src/stm32f4xx_hal_flash.o
LOAD Drivers/STM32F4xx_HAL_Driver/Src/stm32f4xx_hal_flash_ex.o
LOAD Drivers/STM32F4xx_HAL_Driver/Src/stm32f4xx_hal_flash_ramfunc.o
LOAD Drivers/STM32F4xx_HAL_Driver/Src/stm32f4xx_hal_gpio.o
LOAD Drivers/STM32F4xx_HAL_Driver/Src/stm32f4xx_hal_pwr.o
LOAD Drivers/STM32F4xx_HAL_Driver/Src/stm32f4xx_hal_pwr_ex.o
LOAD Drivers/STM32F4xx_HAL_Driver/Src/stm32f4xx_hal_rcc.o
LOAD Drivers/STM32F4xx_HAL_Driver/Src/stm32f4xx_hal_rcc_ex.o
LOAD Drivers/STM32F4xx_HAL_Driver/Src/stm32f4xx_hal_tim.o
LOAD Drivers/STM32F4xx_HAL_Driver/Src/stm32f4xx_hal_tim_ex.o
LOAD Middlewares/Third_Party/FreeRTOS/Source/CMSIS_RTOS/cmsis_os.o
LOAD Middlewares/Third_Party/FreeRTOS/Source/croutine.o
LOAD Middlewares/Third_Party/FreeRTOS/Source/event_groups.o
LOAD Middlewares/Third_Party/FreeRTOS/Source/list.o
LOAD Middlewares/Third_Party/FreeRTOS/Source/queue.o
LOAD Middlewares/Third_Party/FreeRTOS/Source/stream_buffer.o
LOAD Middlewares/Third_Party/FreeRTOS/Source/tasks.o
LOAD Middlewares/Third_Party/FreeRTOS/Source/timers.o
LOAD Middlewares/Third_Party/FreeRTOS/Source/portable/GCC/ARM_CM4F/port.o
LOAD Middlewares/Third_Party/FreeRTOS/Source/portable/MemMang/heap_4.o
LOAD startup/startup_stm32f427xx.o
LOAD /home/vaserg/Ac6/SystemWorkbench/plugins/fr.ac6.mcu.externaltools.arm-none.linux64_1.17.0.201812190825/tools/compiler/bin/../lib/gcc/arm-none-eabi/7.3.1/../../../../arm-none-eabi/lib/thumb/v7e-m/fpv4-sp/hard/libm.a
START GROUP
LOAD /home/vaserg/Ac6/SystemWorkbench/plugins/fr.ac6.mcu.externaltools.arm-none.linux64_1.17.0.201812190825/tools/compiler/bin/../lib/gcc/arm-none-eabi/7.3.1/thumb/v7e-m/fpv4-sp/hard/libgcc.a
LOAD /home/vaserg/Ac6/SystemWorkbench/plugins/fr.ac6.mcu.externaltools.arm-none.linux64_1.17.0.201812190825/tools/compiler/bin/../lib/gcc/arm-none-eabi/7.3.1/../../../../arm-none-eabi/lib/thumb/v7e-m/fpv4-sp/hard/libc_nano.a
END GROUP
START GROUP
LOAD /home/vaserg/Ac6/SystemWorkbench/plugins/fr.ac6.mcu.externaltools.arm-none.linux64_1.17.0.201812190825/tools/compiler/bin/../lib/gcc/arm-none-eabi/7.3.1/thumb/v7e-m/fpv4-sp/hard/libgcc.a
LOAD /home/vaserg/Ac6/SystemWorkbench/plugins/fr.ac6.mcu.externaltools.arm-none.linux64_1.17.0.201812190825/tools/compiler/bin/../lib/gcc/arm-none-eabi/7.3.1/../../../../arm-none-eabi/lib/thumb/v7e-m/fpv4-sp/hard/libc_nano.a
LOAD /home/vaserg/Ac6/SystemWorkbench/plugins/fr.ac6.mcu.externaltools.arm-none.linux64_1.17.0.201812190825/tools/compiler/bin/../lib/gcc/arm-none-eabi/7.3.1/../../../../arm-none-eabi/lib/thumb/v7e-m/fpv4-sp/hard/libnosys.a
END GROUP
START GROUP
LOAD /home/vaserg/Ac6/SystemWorkbench/plugins/fr.ac6.mcu.externaltools.arm-none.linux64_1.17.0.201812190825/tools/compiler/bin/../lib/gcc/arm-none-eabi/7.3.1/thumb/v7e-m/fpv4-sp/hard/libgcc.a
LOAD /home/vaserg/Ac6/SystemWorkbench/plugins/fr.ac6.mcu.externaltools.arm-none.linux64_1.17.0.201812190825/tools/compiler/bin/../lib/gcc/arm-none-eabi/7.3.1/../../../../arm-none-eabi/lib/thumb/v7e-m/fpv4-sp/hard/libc_nano.a
LOAD /home/vaserg/Ac6/SystemWorkbench/plugins/fr.ac6.mcu.externaltools.arm-none.linux64_1.17.0.201812190825/tools/compiler/bin/../lib/gcc/arm-none-eabi/7.3.1/../../../../arm-none-eabi/lib/thumb/v7e-m/fpv4-sp/hard/libnosys.a
END GROUP
LOAD /home/vaserg/Ac6/SystemWorkbench/plugins/fr.ac6.mcu.externaltools.arm-none.linux64_1.17.0.201812190825/tools/compiler/bin/../lib/gcc/arm-none-eabi/7.3.1/thumb/v7e-m/fpv4-sp/hard/crtend.o
LOAD /home/vaserg/Ac6/SystemWorkbench/plugins/fr.ac6.mcu.externaltools.arm-none.linux64_1.17.0.201812190825/tools/compiler/bin/../lib/gcc/arm-none-eabi/7.3.1/thumb/v7e-m/fpv4-sp/hard/crtn.o
                0x0000000020030000                _estack = 0x20030000
                0x0000000000000200                _Min_Heap_Size = 0x200
                0x0000000000000400                _Min_Stack_Size = 0x400

.isr_vector     0x0000000008000000      0x1ac
                0x0000000008000000                . = ALIGN (0x4)
 *(.isr_vector)
 .isr_vector    0x0000000008000000      0x1ac startup/startup_stm32f427xx.o
                0x0000000008000000                g_pfnVectors
                0x00000000080001ac                . = ALIGN (0x4)

.text           0x00000000080001b0     0x2214
                0x00000000080001b0                . = ALIGN (0x4)
 *(.text)
 .text          0x00000000080001b0       0x40 /home/vaserg/Ac6/SystemWorkbench/plugins/fr.ac6.mcu.externaltools.arm-none.linux64_1.17.0.201812190825/tools/compiler/bin/../lib/gcc/arm-none-eabi/7.3.1/thumb/v7e-m/fpv4-sp/hard/crtbegin.o
 .text          0x00000000080001f0       0x30 /home/vaserg/Ac6/SystemWorkbench/plugins/fr.ac6.mcu.externaltools.arm-none.linux64_1.17.0.201812190825/tools/compiler/bin/../lib/gcc/arm-none-eabi/7.3.1/thumb/v7e-m/fpv4-sp/hard/libgcc.a(_aeabi_uldivmod.o)
                0x00000000080001f0                __aeabi_uldivmod
 .text          0x0000000008000220      0x2cc /home/vaserg/Ac6/SystemWorkbench/plugins/fr.ac6.mcu.externaltools.arm-none.linux64_1.17.0.201812190825/tools/compiler/bin/../lib/gcc/arm-none-eabi/7.3.1/thumb/v7e-m/fpv4-sp/hard/libgcc.a(_udivmoddi4.o)
                0x0000000008000220                __udivmoddi4
 .text          0x00000000080004ec        0x4 /home/vaserg/Ac6/SystemWorkbench/plugins/fr.ac6.mcu.externaltools.arm-none.linux64_1.17.0.201812190825/tools/compiler/bin/../lib/gcc/arm-none-eabi/7.3.1/thumb/v7e-m/fpv4-sp/hard/libgcc.a(_dvmd_tls.o)
                0x00000000080004ec                __aeabi_ldiv0
                0x00000000080004ec                __aeabi_idiv0
 *(.text*)
 .text.StartLedON
                0x00000000080004f0       0x1c Core/Src/freertos.o
                0x00000000080004f0                StartLedON
 .text.StartLedOFF
                0x000000000800050c        0xa Core/Src/freertos.o
                0x000000000800050c                StartLedOFF
 *fill*         0x0000000008000516        0x2 
 .text.vApplicationGetIdleTaskMemory
                0x0000000008000518       0x14 Core/Src/freertos.o
                0x0000000008000518                vApplicationGetIdleTaskMemory
 .text.MX_FREERTOS_Init
                0x000000000800052c       0x6c Core/Src/freertos.o
                0x000000000800052c                MX_FREERTOS_Init
 .text.MX_GPIO_Init
                0x0000000008000598       0x80 Core/Src/gpio.o
                0x0000000008000598                MX_GPIO_Init
 .text.SystemClock_Config
                0x0000000008000618       0x80 Core/Src/main.o
                0x0000000008000618                SystemClock_Config
 .text.main     0x0000000008000698       0x18 Core/Src/main.o
                0x0000000008000698                main
 .text.HAL_TIM_PeriodElapsedCallback
                0x00000000080006b0       0x18 Core/Src/main.o
                0x00000000080006b0                HAL_TIM_PeriodElapsedCallback
 .text.HAL_MspInit
                0x00000000080006c8       0x44 Core/Src/stm32f4xx_hal_msp.o
                0x00000000080006c8                HAL_MspInit
 .text.HAL_InitTick
                0x000000000800070c       0x78 Core/Src/stm32f4xx_hal_timebase_tim.o
                0x000000000800070c                HAL_InitTick
 .text.NMI_Handler
                0x0000000008000784        0x2 Core/Src/stm32f4xx_it.o
                0x0000000008000784                NMI_Handler
 .text.HardFault_Handler
                0x0000000008000786        0x2 Core/Src/stm32f4xx_it.o
                0x0000000008000786                HardFault_Handler
 .text.MemManage_Handler
                0x0000000008000788        0x2 Core/Src/stm32f4xx_it.o
                0x0000000008000788                MemManage_Handler
 .text.BusFault_Handler
                0x000000000800078a        0x2 Core/Src/stm32f4xx_it.o
                0x000000000800078a                BusFault_Handler
 .text.UsageFault_Handler
                0x000000000800078c        0x2 Core/Src/stm32f4xx_it.o
                0x000000000800078c                UsageFault_Handler
 .text.DebugMon_Handler
                0x000000000800078e        0x2 Core/Src/stm32f4xx_it.o
                0x000000000800078e                DebugMon_Handler
 .text.TIM1_UP_TIM10_IRQHandler
                0x0000000008000790       0x10 Core/Src/stm32f4xx_it.o
                0x0000000008000790                TIM1_UP_TIM10_IRQHandler
 .text.SystemInit
                0x00000000080007a0       0x4c Core/Src/system_stm32f4xx.o
                0x00000000080007a0                SystemInit
 .text.HAL_Init
                0x00000000080007ec       0x34 Drivers/STM32F4xx_HAL_Driver/Src/stm32f4xx_hal.o
                0x00000000080007ec                HAL_Init
 .text.HAL_IncTick
                0x0000000008000820       0x18 Drivers/STM32F4xx_HAL_Driver/Src/stm32f4xx_hal.o
                0x0000000008000820                HAL_IncTick
 .text.HAL_GetTick
                0x0000000008000838        0xc Drivers/STM32F4xx_HAL_Driver/Src/stm32f4xx_hal.o
                0x0000000008000838                HAL_GetTick
 .text.HAL_NVIC_SetPriorityGrouping
                0x0000000008000844       0x24 Drivers/STM32F4xx_HAL_Driver/Src/stm32f4xx_hal_cortex.o
                0x0000000008000844                HAL_NVIC_SetPriorityGrouping
 .text.HAL_NVIC_SetPriority
                0x0000000008000868       0x68 Drivers/STM32F4xx_HAL_Driver/Src/stm32f4xx_hal_cortex.o
                0x0000000008000868                HAL_NVIC_SetPriority
 .text.HAL_NVIC_EnableIRQ
                0x00000000080008d0       0x1c Drivers/STM32F4xx_HAL_Driver/Src/stm32f4xx_hal_cortex.o
                0x00000000080008d0                HAL_NVIC_EnableIRQ
 .text.HAL_GPIO_Init
                0x00000000080008ec      0x1e0 Drivers/STM32F4xx_HAL_Driver/Src/stm32f4xx_hal_gpio.o
                0x00000000080008ec                HAL_GPIO_Init
 .text.HAL_GPIO_WritePin
                0x0000000008000acc        0xc Drivers/STM32F4xx_HAL_Driver/Src/stm32f4xx_hal_gpio.o
                0x0000000008000acc                HAL_GPIO_WritePin
 .text.HAL_GPIO_TogglePin
                0x0000000008000ad8       0x12 Drivers/STM32F4xx_HAL_Driver/Src/stm32f4xx_hal_gpio.o
                0x0000000008000ad8                HAL_GPIO_TogglePin
 *fill*         0x0000000008000aea        0x2 
 .text.HAL_RCC_OscConfig
                0x0000000008000aec      0x398 Drivers/STM32F4xx_HAL_Driver/Src/stm32f4xx_hal_rcc.o
                0x0000000008000aec                HAL_RCC_OscConfig
 .text.HAL_RCC_GetSysClockFreq
                0x0000000008000e84       0xa8 Drivers/STM32F4xx_HAL_Driver/Src/stm32f4xx_hal_rcc.o
                0x0000000008000e84                HAL_RCC_GetSysClockFreq
 .text.HAL_RCC_ClockConfig
                0x0000000008000f2c      0x158 Drivers/STM32F4xx_HAL_Driver/Src/stm32f4xx_hal_rcc.o
                0x0000000008000f2c                HAL_RCC_ClockConfig
 .text.HAL_RCC_GetHCLKFreq
                0x0000000008001084        0xc Drivers/STM32F4xx_HAL_Driver/Src/stm32f4xx_hal_rcc.o
                0x0000000008001084                HAL_RCC_GetHCLKFreq
 .text.HAL_RCC_GetPCLK2Freq
                0x0000000008001090       0x20 Drivers/STM32F4xx_HAL_Driver/Src/stm32f4xx_hal_rcc.o
                0x0000000008001090                HAL_RCC_GetPCLK2Freq
 .text.HAL_RCC_GetClockConfig
                0x00000000080010b0       0x3c Drivers/STM32F4xx_HAL_Driver/Src/stm32f4xx_hal_rcc.o
                0x00000000080010b0                HAL_RCC_GetClockConfig
 .text.HAL_TIM_Base_MspInit
                0x00000000080010ec        0x2 Drivers/STM32F4xx_HAL_Driver/Src/stm32f4xx_hal_tim.o
                0x00000000080010ec                HAL_TIM_Base_MspInit
 .text.HAL_TIM_Base_Start_IT
                0x00000000080010ee       0x22 Drivers/STM32F4xx_HAL_Driver/Src/stm32f4xx_hal_tim.o
                0x00000000080010ee                HAL_TIM_Base_Start_IT
 .text.HAL_TIM_OC_DelayElapsedCallback
                0x0000000008001110        0x2 Drivers/STM32F4xx_HAL_Driver/Src/stm32f4xx_hal_tim.o
                0x0000000008001110                HAL_TIM_OC_DelayElapsedCallback
 .text.HAL_TIM_IC_CaptureCallback
                0x0000000008001112        0x2 Drivers/STM32F4xx_HAL_Driver/Src/stm32f4xx_hal_tim.o
                0x0000000008001112                HAL_TIM_IC_CaptureCallback
 .text.HAL_TIM_PWM_PulseFinishedCallback
                0x0000000008001114        0x2 Drivers/STM32F4xx_HAL_Driver/Src/stm32f4xx_hal_tim.o
                0x0000000008001114                HAL_TIM_PWM_PulseFinishedCallback
 .text.HAL_TIM_TriggerCallback
                0x0000000008001116        0x2 Drivers/STM32F4xx_HAL_Driver/Src/stm32f4xx_hal_tim.o
                0x0000000008001116                HAL_TIM_TriggerCallback
 .text.HAL_TIM_IRQHandler
                0x0000000008001118      0x17a Drivers/STM32F4xx_HAL_Driver/Src/stm32f4xx_hal_tim.o
                0x0000000008001118                HAL_TIM_IRQHandler
 *fill*         0x0000000008001292        0x2 
 .text.TIM_Base_SetConfig
                0x0000000008001294       0xc8 Drivers/STM32F4xx_HAL_Driver/Src/stm32f4xx_hal_tim.o
                0x0000000008001294                TIM_Base_SetConfig
 .text.HAL_TIM_Base_Init
                0x000000000800135c       0x32 Drivers/STM32F4xx_HAL_Driver/Src/stm32f4xx_hal_tim.o
                0x000000000800135c                HAL_TIM_Base_Init
 .text.HAL_TIMEx_CommutCallback
                0x000000000800138e        0x2 Drivers/STM32F4xx_HAL_Driver/Src/stm32f4xx_hal_tim_ex.o
                0x000000000800138e                HAL_TIMEx_CommutCallback
 .text.HAL_TIMEx_BreakCallback
                0x0000000008001390        0x2 Drivers/STM32F4xx_HAL_Driver/Src/stm32f4xx_hal_tim_ex.o
                0x0000000008001390                HAL_TIMEx_BreakCallback
 .text.makeFreeRtosPriority
                0x0000000008001392        0xc Middlewares/Third_Party/FreeRTOS/Source/CMSIS_RTOS/cmsis_os.o
 .text.osKernelStart
                0x000000000800139e        0xa Middlewares/Third_Party/FreeRTOS/Source/CMSIS_RTOS/cmsis_os.o
                0x000000000800139e                osKernelStart
 .text.osThreadCreate
                0x00000000080013a8       0x6c Middlewares/Third_Party/FreeRTOS/Source/CMSIS_RTOS/cmsis_os.o
                0x00000000080013a8                osThreadCreate
 .text.osDelay  0x0000000008001414       0x12 Middlewares/Third_Party/FreeRTOS/Source/CMSIS_RTOS/cmsis_os.o
                0x0000000008001414                osDelay
 .text.osMessageCreate
                0x0000000008001426       0x28 Middlewares/Third_Party/FreeRTOS/Source/CMSIS_RTOS/cmsis_os.o
                0x0000000008001426                osMessageCreate
 .text.vListInitialise
                0x000000000800144e       0x16 Middlewares/Third_Party/FreeRTOS/Source/list.o
                0x000000000800144e                vListInitialise
 .text.vListInitialiseItem
                0x0000000008001464        0x6 Middlewares/Third_Party/FreeRTOS/Source/list.o
                0x0000000008001464                vListInitialiseItem
 .text.vListInsertEnd
                0x000000000800146a       0x18 Middlewares/Third_Party/FreeRTOS/Source/list.o
                0x000000000800146a                vListInsertEnd
 .text.vListInsert
                0x0000000008001482       0x34 Middlewares/Third_Party/FreeRTOS/Source/list.o
                0x0000000008001482                vListInsert
 .text.uxListRemove
                0x00000000080014b6       0x28 Middlewares/Third_Party/FreeRTOS/Source/list.o
                0x00000000080014b6                uxListRemove
 *fill*         0x00000000080014de        0x2 
 .text.xQueueGenericReset
                0x00000000080014e0       0x84 Middlewares/Third_Party/FreeRTOS/Source/queue.o
                0x00000000080014e0                xQueueGenericReset
 .text.prvInitialiseNewQueue
                0x0000000008001564       0x1c Middlewares/Third_Party/FreeRTOS/Source/queue.o
 .text.xQueueGenericCreateStatic
                0x0000000008001580       0x90 Middlewares/Third_Party/FreeRTOS/Source/queue.o
                0x0000000008001580                xQueueGenericCreateStatic
 .text.xQueueGenericCreate
                0x0000000008001610       0x4e Middlewares/Third_Party/FreeRTOS/Source/queue.o
                0x0000000008001610                xQueueGenericCreate
 *fill*         0x000000000800165e        0x2 
 .text.prvResetNextTaskUnblockTime
                0x0000000008001660       0x24 Middlewares/Third_Party/FreeRTOS/Source/tasks.o
 .text.prvInitialiseNewTask
                0x0000000008001684       0x80 Middlewares/Third_Party/FreeRTOS/Source/tasks.o
 .text.prvInitialiseTaskLists
                0x0000000008001704       0x58 Middlewares/Third_Party/FreeRTOS/Source/tasks.o
 .text.prvAddNewTaskToReadyList
                0x000000000800175c       0xac Middlewares/Third_Party/FreeRTOS/Source/tasks.o
 .text.prvDeleteTCB
                0x0000000008001808       0x38 Middlewares/Third_Party/FreeRTOS/Source/tasks.o
 .text.prvCheckTasksWaitingTermination
                0x0000000008001840       0x44 Middlewares/Third_Party/FreeRTOS/Source/tasks.o
 .text.prvIdleTask
                0x0000000008001884       0x28 Middlewares/Third_Party/FreeRTOS/Source/tasks.o
 .text.prvAddCurrentTaskToDelayedList
                0x00000000080018ac       0x88 Middlewares/Third_Party/FreeRTOS/Source/tasks.o
 .text.xTaskCreateStatic
                0x0000000008001934       0x72 Middlewares/Third_Party/FreeRTOS/Source/tasks.o
                0x0000000008001934                xTaskCreateStatic
 .text.xTaskCreate
                0x00000000080019a6       0x66 Middlewares/Third_Party/FreeRTOS/Source/tasks.o
                0x00000000080019a6                xTaskCreate
 .text.vTaskStartScheduler
                0x0000000008001a0c       0x64 Middlewares/Third_Party/FreeRTOS/Source/tasks.o
                0x0000000008001a0c                vTaskStartScheduler
 .text.vTaskSuspendAll
                0x0000000008001a70       0x14 Middlewares/Third_Party/FreeRTOS/Source/tasks.o
                0x0000000008001a70                vTaskSuspendAll
 .text.xTaskIncrementTick
                0x0000000008001a84      0x10c Middlewares/Third_Party/FreeRTOS/Source/tasks.o
                0x0000000008001a84                xTaskIncrementTick
 .text.xTaskResumeAll
                0x0000000008001b90       0xf0 Middlewares/Third_Party/FreeRTOS/Source/tasks.o
                0x0000000008001b90                xTaskResumeAll
 .text.vTaskDelay
                0x0000000008001c80       0x4c Middlewares/Third_Party/FreeRTOS/Source/tasks.o
                0x0000000008001c80                vTaskDelay
 .text.vTaskSwitchContext
                0x0000000008001ccc       0x90 Middlewares/Third_Party/FreeRTOS/Source/tasks.o
                0x0000000008001ccc                vTaskSwitchContext
 .text.xTaskRemoveFromEventList
                0x0000000008001d5c       0x84 Middlewares/Third_Party/FreeRTOS/Source/tasks.o
                0x0000000008001d5c                xTaskRemoveFromEventList
 .text.prvTaskExitError
                0x0000000008001de0       0x40 Middlewares/Third_Party/FreeRTOS/Source/portable/GCC/ARM_CM4F/port.o
 .text.prvPortStartFirstTask
                0x0000000008001e20       0x28 Middlewares/Third_Party/FreeRTOS/Source/portable/GCC/ARM_CM4F/port.o
 .text.vPortEnableVFP
                0x0000000008001e48       0x14 Middlewares/Third_Party/FreeRTOS/Source/portable/GCC/ARM_CM4F/port.o
 .text.pxPortInitialiseStack
                0x0000000008001e5c       0x2c Middlewares/Third_Party/FreeRTOS/Source/portable/GCC/ARM_CM4F/port.o
                0x0000000008001e5c                pxPortInitialiseStack
 *fill*         0x0000000008001e88        0x8 
 .text.SVC_Handler
                0x0000000008001e90       0x24 Middlewares/Third_Party/FreeRTOS/Source/portable/GCC/ARM_CM4F/port.o
                0x0000000008001e90                SVC_Handler
 .text.vPortEnterCritical
                0x0000000008001eb4       0x44 Middlewares/Third_Party/FreeRTOS/Source/portable/GCC/ARM_CM4F/port.o
                0x0000000008001eb4                vPortEnterCritical
 .text.vPortExitCritical
                0x0000000008001ef8       0x2c Middlewares/Third_Party/FreeRTOS/Source/portable/GCC/ARM_CM4F/port.o
                0x0000000008001ef8                vPortExitCritical
 *fill*         0x0000000008001f24        0xc 
 .text.PendSV_Handler
                0x0000000008001f30       0x64 Middlewares/Third_Party/FreeRTOS/Source/portable/GCC/ARM_CM4F/port.o
                0x0000000008001f30                PendSV_Handler
 .text.SysTick_Handler
                0x0000000008001f94       0x2c Middlewares/Third_Party/FreeRTOS/Source/portable/GCC/ARM_CM4F/port.o
                0x0000000008001f94                SysTick_Handler
 .text.vPortSetupTimerInterrupt
                0x0000000008001fc0       0x38 Middlewares/Third_Party/FreeRTOS/Source/portable/GCC/ARM_CM4F/port.o
                0x0000000008001fc0                vPortSetupTimerInterrupt
 .text.xPortStartScheduler
                0x0000000008001ff8      0x108 Middlewares/Third_Party/FreeRTOS/Source/portable/GCC/ARM_CM4F/port.o
                0x0000000008001ff8                xPortStartScheduler
 .text.prvHeapInit
                0x0000000008002100       0x4c Middlewares/Third_Party/FreeRTOS/Source/portable/MemMang/heap_4.o
 .text.prvInsertBlockIntoFreeList
                0x000000000800214c       0x54 Middlewares/Third_Party/FreeRTOS/Source/portable/MemMang/heap_4.o
 .text.pvPortMalloc
                0x00000000080021a0       0xf4 Middlewares/Third_Party/FreeRTOS/Source/portable/MemMang/heap_4.o
                0x00000000080021a0                pvPortMalloc
 .text.vPortFree
                0x0000000008002294       0x6c Middlewares/Third_Party/FreeRTOS/Source/portable/MemMang/heap_4.o
                0x0000000008002294                vPortFree
 .text.Reset_Handler
                0x0000000008002300       0x50 startup/startup_stm32f427xx.o
                0x0000000008002300                Reset_Handler
 .text.Default_Handler
                0x0000000008002350        0x2 startup/startup_stm32f427xx.o
                0x0000000008002350                RTC_Alarm_IRQHandler
                0x0000000008002350                HASH_RNG_IRQHandler
                0x0000000008002350                EXTI2_IRQHandler
                0x0000000008002350                TIM8_CC_IRQHandler
                0x0000000008002350                UART8_IRQHandler
                0x0000000008002350                SPI4_IRQHandler
                0x0000000008002350                TIM1_CC_IRQHandler
                0x0000000008002350                DMA2_Stream5_IRQHandler
                0x0000000008002350                DMA1_Stream5_IRQHandler
                0x0000000008002350                PVD_IRQHandler
                0x0000000008002350                SDIO_IRQHandler
                0x0000000008002350                TAMP_STAMP_IRQHandler
                0x0000000008002350                CAN2_RX1_IRQHandler
                0x0000000008002350                EXTI3_IRQHandler
                0x0000000008002350                TIM8_TRG_COM_TIM14_IRQHandler
                0x0000000008002350                TIM8_UP_TIM13_IRQHandler
                0x0000000008002350                I2C3_ER_IRQHandler
                0x0000000008002350                EXTI0_IRQHandler
                0x0000000008002350                I2C2_EV_IRQHandler
                0x0000000008002350                DMA1_Stream2_IRQHandler
                0x0000000008002350                CAN1_RX0_IRQHandler
                0x0000000008002350                FPU_IRQHandler
                0x0000000008002350                OTG_HS_WKUP_IRQHandler
                0x0000000008002350                CAN2_SCE_IRQHandler
                0x0000000008002350                DMA2_Stream2_IRQHandler
                0x0000000008002350                SPI1_IRQHandler
                0x0000000008002350                TIM6_DAC_IRQHandler
                0x0000000008002350                TIM1_BRK_TIM9_IRQHandler
                0x0000000008002350                DCMI_IRQHandler
                0x0000000008002350                CAN2_RX0_IRQHandler
                0x0000000008002350                DMA2_Stream3_IRQHandler
                0x0000000008002350                USART6_IRQHandler
                0x0000000008002350                USART3_IRQHandler
                0x0000000008002350                CAN1_RX1_IRQHandler
                0x0000000008002350                UART5_IRQHandler
                0x0000000008002350                DMA2_Stream0_IRQHandler
                0x0000000008002350                TIM4_IRQHandler
                0x0000000008002350                I2C1_EV_IRQHandler
                0x0000000008002350                DMA1_Stream6_IRQHandler
                0x0000000008002350                DMA1_Stream1_IRQHandler
                0x0000000008002350                UART4_IRQHandler
                0x0000000008002350                TIM3_IRQHandler
                0x0000000008002350                RCC_IRQHandler
                0x0000000008002350                TIM8_BRK_TIM12_IRQHandler
                0x0000000008002350                Default_Handler
                0x0000000008002350                EXTI15_10_IRQHandler
                0x0000000008002350                ADC_IRQHandler
                0x0000000008002350                DMA1_Stream7_IRQHandler
                0x0000000008002350                SPI5_IRQHandler
                0x0000000008002350                TIM7_IRQHandler
                0x0000000008002350                CAN2_TX_IRQHandler
                0x0000000008002350                TIM5_IRQHandler
                0x0000000008002350                DMA2_Stream7_IRQHandler
                0x0000000008002350                I2C3_EV_IRQHandler
                0x0000000008002350                EXTI9_5_IRQHandler
                0x0000000008002350                RTC_WKUP_IRQHandler
                0x0000000008002350                ETH_WKUP_IRQHandler
                0x0000000008002350                SPI2_IRQHandler
                0x0000000008002350                OTG_HS_EP1_IN_IRQHandler
                0x0000000008002350                DMA1_Stream0_IRQHandler
                0x0000000008002350                CAN1_TX_IRQHandler
                0x0000000008002350                EXTI4_IRQHandler
                0x0000000008002350                ETH_IRQHandler
                0x0000000008002350                OTG_HS_EP1_OUT_IRQHandler
                0x0000000008002350                WWDG_IRQHandler
                0x0000000008002350                SPI6_IRQHandler
                0x0000000008002350                TIM2_IRQHandler
                0x0000000008002350                OTG_FS_WKUP_IRQHandler
                0x0000000008002350                TIM1_TRG_COM_TIM11_IRQHandler
                0x0000000008002350                OTG_HS_IRQHandler
                0x0000000008002350                DMA2D_IRQHandler
                0x0000000008002350                EXTI1_IRQHandler
                0x0000000008002350                UART7_IRQHandler
                0x0000000008002350                USART2_IRQHandler
                0x0000000008002350                I2C2_ER_IRQHandler
                0x0000000008002350                DMA2_Stream1_IRQHandler
                0x0000000008002350                CAN1_SCE_IRQHandler
                0x0000000008002350                FLASH_IRQHandler
                0x0000000008002350                DMA2_Stream4_IRQHandler
                0x0000000008002350                USART1_IRQHandler
                0x0000000008002350                OTG_FS_IRQHandler
                0x0000000008002350                SPI3_IRQHandler
                0x0000000008002350                DMA1_Stream4_IRQHandler
                0x0000000008002350                I2C1_ER_IRQHandler
                0x0000000008002350                FMC_IRQHandler
                0x0000000008002350                DMA2_Stream6_IRQHandler
                0x0000000008002350                SAI1_IRQHandler
                0x0000000008002350                DMA1_Stream3_IRQHandler
 *fill*         0x0000000008002352        0x2 
 .text.__libc_init_array
                0x0000000008002354       0x48 /home/vaserg/Ac6/SystemWorkbench/plugins/fr.ac6.mcu.externaltools.arm-none.linux64_1.17.0.201812190825/tools/compiler/bin/../lib/gcc/arm-none-eabi/7.3.1/../../../../arm-none-eabi/lib/thumb/v7e-m/fpv4-sp/hard/libc_nano.a(lib_a-init.o)
                0x0000000008002354                __libc_init_array
 .text.memset   0x000000000800239c       0x10 /home/vaserg/Ac6/SystemWorkbench/plugins/fr.ac6.mcu.externaltools.arm-none.linux64_1.17.0.201812190825/tools/compiler/bin/../lib/gcc/arm-none-eabi/7.3.1/../../../../arm-none-eabi/lib/thumb/v7e-m/fpv4-sp/hard/libc_nano.a(lib_a-memset.o)
                0x000000000800239c                memset
 *(.glue_7)
 .glue_7        0x00000000080023ac        0x0 linker stubs
 *(.glue_7t)
 .glue_7t       0x00000000080023ac        0x0 linker stubs
 *(.eh_frame)
 .eh_frame      0x00000000080023ac        0x0 /home/vaserg/Ac6/SystemWorkbench/plugins/fr.ac6.mcu.externaltools.arm-none.linux64_1.17.0.201812190825/tools/compiler/bin/../lib/gcc/arm-none-eabi/7.3.1/thumb/v7e-m/fpv4-sp/hard/crtbegin.o
 *(.init)
 .init          0x00000000080023ac        0x4 /home/vaserg/Ac6/SystemWorkbench/plugins/fr.ac6.mcu.externaltools.arm-none.linux64_1.17.0.201812190825/tools/compiler/bin/../lib/gcc/arm-none-eabi/7.3.1/thumb/v7e-m/fpv4-sp/hard/crti.o
                0x00000000080023ac                _init
 .init          0x00000000080023b0        0x8 /home/vaserg/Ac6/SystemWorkbench/plugins/fr.ac6.mcu.externaltools.arm-none.linux64_1.17.0.201812190825/tools/compiler/bin/../lib/gcc/arm-none-eabi/7.3.1/thumb/v7e-m/fpv4-sp/hard/crtn.o
 *(.fini)
 .fini          0x00000000080023b8        0x4 /home/vaserg/Ac6/SystemWorkbench/plugins/fr.ac6.mcu.externaltools.arm-none.linux64_1.17.0.201812190825/tools/compiler/bin/../lib/gcc/arm-none-eabi/7.3.1/thumb/v7e-m/fpv4-sp/hard/crti.o
                0x00000000080023b8                _fini
 .fini          0x00000000080023bc        0x8 /home/vaserg/Ac6/SystemWorkbench/plugins/fr.ac6.mcu.externaltools.arm-none.linux64_1.17.0.201812190825/tools/compiler/bin/../lib/gcc/arm-none-eabi/7.3.1/thumb/v7e-m/fpv4-sp/hard/crtn.o
                0x00000000080023c4                . = ALIGN (0x4)
                0x00000000080023c4                _etext = .

.vfp11_veneer   0x00000000080023c4        0x0
 .vfp11_veneer  0x00000000080023c4        0x0 linker stubs

.v4_bx          0x00000000080023c4        0x0
 .v4_bx         0x00000000080023c4        0x0 linker stubs

.iplt           0x00000000080023c4        0x0
 .iplt          0x00000000080023c4        0x0 /home/vaserg/Ac6/SystemWorkbench/plugins/fr.ac6.mcu.externaltools.arm-none.linux64_1.17.0.201812190825/tools/compiler/bin/../lib/gcc/arm-none-eabi/7.3.1/thumb/v7e-m/fpv4-sp/hard/crtbegin.o

.rodata         0x00000000080023c4       0x78
                0x00000000080023c4                . = ALIGN (0x4)
 *(.rodata)
 .rodata        0x00000000080023c4       0x48 Core/Src/freertos.o
 .rodata        0x000000000800240c       0x18 Core/Src/system_stm32f4xx.o
                0x000000000800240c                AHBPrescTable
                0x000000000800241c                APBPrescTable
 *(.rodata*)
 .rodata.str1.4
                0x0000000008002424        0xe Core/Src/freertos.o
 *fill*         0x0000000008002432        0x2 
 .rodata.str1.4
                0x0000000008002434        0x8 Middlewares/Third_Party/FreeRTOS/Source/tasks.o
                                          0x5 (size before relaxing)
                0x000000000800243c                . = ALIGN (0x4)

.ARM.extab
 *(.ARM.extab* .gnu.linkonce.armextab.*)

.ARM            0x000000000800243c        0x8
                0x000000000800243c                __exidx_start = .
 *(.ARM.exidx*)
 .ARM.exidx     0x000000000800243c        0x8 /home/vaserg/Ac6/SystemWorkbench/plugins/fr.ac6.mcu.externaltools.arm-none.linux64_1.17.0.201812190825/tools/compiler/bin/../lib/gcc/arm-none-eabi/7.3.1/thumb/v7e-m/fpv4-sp/hard/libgcc.a(_udivmoddi4.o)
                0x0000000008002444                __exidx_end = .

.rel.dyn        0x0000000008002444        0x0
 .rel.iplt      0x0000000008002444        0x0 /home/vaserg/Ac6/SystemWorkbench/plugins/fr.ac6.mcu.externaltools.arm-none.linux64_1.17.0.201812190825/tools/compiler/bin/../lib/gcc/arm-none-eabi/7.3.1/thumb/v7e-m/fpv4-sp/hard/crtbegin.o

.preinit_array  0x0000000008002444        0x0
                0x0000000008002444                PROVIDE (__preinit_array_start = .)
 *(.preinit_array*)
                0x0000000008002444                PROVIDE (__preinit_array_end = .)

.init_array     0x0000000008002444        0x4
                0x0000000008002444                PROVIDE (__init_array_start = .)
 *(SORT_BY_NAME(.init_array.*))
 *(.init_array*)
 .init_array    0x0000000008002444        0x4 /home/vaserg/Ac6/SystemWorkbench/plugins/fr.ac6.mcu.externaltools.arm-none.linux64_1.17.0.201812190825/tools/compiler/bin/../lib/gcc/arm-none-eabi/7.3.1/thumb/v7e-m/fpv4-sp/hard/crtbegin.o
                0x0000000008002448                PROVIDE (__init_array_end = .)

.fini_array     0x0000000008002448        0x4
                [!provide]                        PROVIDE (__fini_array_start = .)
 *(SORT_BY_NAME(.fini_array.*))
 *(.fini_array*)
 .fini_array    0x0000000008002448        0x4 /home/vaserg/Ac6/SystemWorkbench/plugins/fr.ac6.mcu.externaltools.arm-none.linux64_1.17.0.201812190825/tools/compiler/bin/../lib/gcc/arm-none-eabi/7.3.1/thumb/v7e-m/fpv4-sp/hard/crtbegin.o
                [!provide]                        PROVIDE (__fini_array_end = .)
                0x000000000800244c                _sidata = LOADADDR (.data)

.data           0x0000000020000000       0x10 load address 0x000000000800244c
                0x0000000020000000                . = ALIGN (0x4)
                0x0000000020000000                _sdata = .
 *(.data)
 .data          0x0000000020000000        0x4 Core/Src/system_stm32f4xx.o
                0x0000000020000000                SystemCoreClock
 .data          0x0000000020000004        0x8 Drivers/STM32F4xx_HAL_Driver/Src/stm32f4xx_hal.o
                0x0000000020000004                uwTickFreq
                0x0000000020000008                uwTickPrio
 .data          0x000000002000000c        0x4 Middlewares/Third_Party/FreeRTOS/Source/portable/GCC/ARM_CM4F/port.o
 *(.data*)
                0x0000000020000010                . = ALIGN (0x4)
                0x0000000020000010                _edata = .
                0x000000000800245c                _siccmram = LOADADDR (.ccmram)

.igot.plt       0x0000000020000010        0x0 load address 0x000000000800245c
 .igot.plt      0x0000000020000010        0x0 /home/vaserg/Ac6/SystemWorkbench/plugins/fr.ac6.mcu.externaltools.arm-none.linux64_1.17.0.201812190825/tools/compiler/bin/../lib/gcc/arm-none-eabi/7.3.1/thumb/v7e-m/fpv4-sp/hard/crtbegin.o

.ccmram         0x0000000010000000        0x0 load address 0x000000000800245c
                0x0000000010000000                . = ALIGN (0x4)
                0x0000000010000000                _sccmram = .
 *(.ccmram)
 *(.ccmram*)
                0x0000000010000000                . = ALIGN (0x4)
                0x0000000010000000                _eccmram = .
                0x0000000010000000                . = ALIGN (0x4)

.bss            0x0000000020000010     0x4008
                0x0000000020000010                _sbss = .
                0x0000000020000010                __bss_start__ = _sbss
 *(.bss)
 .bss           0x0000000020000010       0x1c /home/vaserg/Ac6/SystemWorkbench/plugins/fr.ac6.mcu.externaltools.arm-none.linux64_1.17.0.201812190825/tools/compiler/bin/../lib/gcc/arm-none-eabi/7.3.1/thumb/v7e-m/fpv4-sp/hard/crtbegin.o
 .bss           0x000000002000002c      0x254 Core/Src/freertos.o
 .bss           0x0000000020000280      0x128 Middlewares/Third_Party/FreeRTOS/Source/tasks.o
                0x0000000020000380                pxCurrentTCB
 .bss           0x00000000200003a8        0x8 Middlewares/Third_Party/FreeRTOS/Source/portable/GCC/ARM_CM4F/port.o
 .bss           0x00000000200003b0     0x3c18 Middlewares/Third_Party/FreeRTOS/Source/portable/MemMang/heap_4.o
 *(.bss*)
 *(COMMON)
 COMMON         0x0000000020003fc8        0xc Core/Src/freertos.o
                0x0000000020003fc8                ledONHandle
                0x0000000020003fcc                ledOFFHandle
                0x0000000020003fd0                myQueue01Handle
 COMMON         0x0000000020003fd4       0x40 Core/Src/stm32f4xx_hal_timebase_tim.o
                0x0000000020003fd4                htim1
 COMMON         0x0000000020004014        0x4 Drivers/STM32F4xx_HAL_Driver/Src/stm32f4xx_hal.o
                0x0000000020004014                uwTick
                0x0000000020004018                . = ALIGN (0x4)
                0x0000000020004018                _ebss = .
                0x0000000020004018                __bss_end__ = _ebss

._user_heap_stack
                0x0000000020004018      0x600
                0x0000000020004018                . = ALIGN (0x8)
                0x0000000020004018                PROVIDE (end = .)
                [!provide]                        PROVIDE (_end = .)
                0x0000000020004218                . = (. + _Min_Heap_Size)
 *fill*         0x0000000020004018      0x200 
                0x0000000020004618                . = (. + _Min_Stack_Size)
 *fill*         0x0000000020004218      0x400 
                0x0000000020004618                . = ALIGN (0x8)

/DISCARD/
 libc.a(*)
 libm.a(*)
 libgcc.a(*)

.ARM.attributes
                0x0000000000000000       0x30
 *(.ARM.attributes)
 .ARM.attributes
                0x0000000000000000       0x22 /home/vaserg/Ac6/SystemWorkbench/plugins/fr.ac6.mcu.externaltools.arm-none.linux64_1.17.0.201812190825/tools/compiler/bin/../lib/gcc/arm-none-eabi/7.3.1/thumb/v7e-m/fpv4-sp/hard/crti.o
 .ARM.attributes
                0x0000000000000022       0x34 /home/vaserg/Ac6/SystemWorkbench/plugins/fr.ac6.mcu.externaltools.arm-none.linux64_1.17.0.201812190825/tools/compiler/bin/../lib/gcc/arm-none-eabi/7.3.1/thumb/v7e-m/fpv4-sp/hard/crtbegin.o
 .ARM.attributes
                0x0000000000000056       0x39 Core/Src/freertos.o
 .ARM.attributes
                0x000000000000008f       0x39 Core/Src/gpio.o
 .ARM.attributes
                0x00000000000000c8       0x39 Core/Src/main.o
 .ARM.attributes
                0x0000000000000101       0x39 Core/Src/stm32f4xx_hal_msp.o
 .ARM.attributes
                0x000000000000013a       0x39 Core/Src/stm32f4xx_hal_timebase_tim.o
 .ARM.attributes
                0x0000000000000173       0x39 Core/Src/stm32f4xx_it.o
 .ARM.attributes
                0x00000000000001ac       0x39 Core/Src/system_stm32f4xx.o
 .ARM.attributes
                0x00000000000001e5       0x39 Drivers/STM32F4xx_HAL_Driver/Src/stm32f4xx_hal.o
 .ARM.attributes
                0x000000000000021e       0x39 Drivers/STM32F4xx_HAL_Driver/Src/stm32f4xx_hal_cortex.o
 .ARM.attributes
                0x0000000000000257       0x39 Drivers/STM32F4xx_HAL_Driver/Src/stm32f4xx_hal_gpio.o
 .ARM.attributes
                0x0000000000000290       0x39 Drivers/STM32F4xx_HAL_Driver/Src/stm32f4xx_hal_rcc.o
 .ARM.attributes
                0x00000000000002c9       0x39 Drivers/STM32F4xx_HAL_Driver/Src/stm32f4xx_hal_tim.o
 .ARM.attributes
                0x0000000000000302       0x39 Drivers/STM32F4xx_HAL_Driver/Src/stm32f4xx_hal_tim_ex.o
 .ARM.attributes
                0x000000000000033b       0x39 Middlewares/Third_Party/FreeRTOS/Source/CMSIS_RTOS/cmsis_os.o
 .ARM.attributes
                0x0000000000000374       0x39 Middlewares/Third_Party/FreeRTOS/Source/list.o
 .ARM.attributes
                0x00000000000003ad       0x39 Middlewares/Third_Party/FreeRTOS/Source/queue.o
 .ARM.attributes
                0x00000000000003e6       0x39 Middlewares/Third_Party/FreeRTOS/Source/tasks.o
 .ARM.attributes
                0x000000000000041f       0x39 Middlewares/Third_Party/FreeRTOS/Source/portable/GCC/ARM_CM4F/port.o
 .ARM.attributes
                0x0000000000000458       0x39 Middlewares/Third_Party/FreeRTOS/Source/portable/MemMang/heap_4.o
 .ARM.attributes
                0x0000000000000491       0x21 startup/startup_stm32f427xx.o
 .ARM.attributes
                0x00000000000004b2       0x22 /home/vaserg/Ac6/SystemWorkbench/plugins/fr.ac6.mcu.externaltools.arm-none.linux64_1.17.0.201812190825/tools/compiler/bin/../lib/gcc/arm-none-eabi/7.3.1/thumb/v7e-m/fpv4-sp/hard/libgcc.a(_aeabi_uldivmod.o)
 .ARM.attributes
                0x00000000000004d4       0x34 /home/vaserg/Ac6/SystemWorkbench/plugins/fr.ac6.mcu.externaltools.arm-none.linux64_1.17.0.201812190825/tools/compiler/bin/../lib/gcc/arm-none-eabi/7.3.1/thumb/v7e-m/fpv4-sp/hard/libgcc.a(_udivmoddi4.o)
 .ARM.attributes
                0x0000000000000508       0x22 /home/vaserg/Ac6/SystemWorkbench/plugins/fr.ac6.mcu.externaltools.arm-none.linux64_1.17.0.201812190825/tools/compiler/bin/../lib/gcc/arm-none-eabi/7.3.1/thumb/v7e-m/fpv4-sp/hard/libgcc.a(_dvmd_tls.o)
 .ARM.attributes
                0x000000000000052a       0x34 /home/vaserg/Ac6/SystemWorkbench/plugins/fr.ac6.mcu.externaltools.arm-none.linux64_1.17.0.201812190825/tools/compiler/bin/../lib/gcc/arm-none-eabi/7.3.1/../../../../arm-none-eabi/lib/thumb/v7e-m/fpv4-sp/hard/libc_nano.a(lib_a-init.o)
 .ARM.attributes
                0x000000000000055e       0x34 /home/vaserg/Ac6/SystemWorkbench/plugins/fr.ac6.mcu.externaltools.arm-none.linux64_1.17.0.201812190825/tools/compiler/bin/../lib/gcc/arm-none-eabi/7.3.1/../../../../arm-none-eabi/lib/thumb/v7e-m/fpv4-sp/hard/libc_nano.a(lib_a-memset.o)
 .ARM.attributes
                0x0000000000000592       0x22 /home/vaserg/Ac6/SystemWorkbench/plugins/fr.ac6.mcu.externaltools.arm-none.linux64_1.17.0.201812190825/tools/compiler/bin/../lib/gcc/arm-none-eabi/7.3.1/thumb/v7e-m/fpv4-sp/hard/crtn.o
OUTPUT(lab2.elf elf32-littlearm)

.debug_info     0x0000000000000000    0x13efc
 .debug_info    0x0000000000000000      0x7e6 Core/Src/freertos.o
 .debug_info    0x00000000000007e6      0x4c9 Core/Src/gpio.o
 .debug_info    0x0000000000000caf      0xabb Core/Src/main.o
 .debug_info    0x000000000000176a      0x5a6 Core/Src/stm32f4xx_hal_msp.o
 .debug_info    0x0000000000001d10      0xbf1 Core/Src/stm32f4xx_hal_timebase_tim.o
 .debug_info    0x0000000000002901      0x687 Core/Src/stm32f4xx_it.o
 .debug_info    0x0000000000002f88      0x521 Core/Src/system_stm32f4xx.o
 .debug_info    0x00000000000034a9      0xa34 Drivers/STM32F4xx_HAL_Driver/Src/stm32f4xx_hal.o
 .debug_info    0x0000000000003edd      0xf64 Drivers/STM32F4xx_HAL_Driver/Src/stm32f4xx_hal_cortex.o
 .debug_info    0x0000000000004e41      0x78a Drivers/STM32F4xx_HAL_Driver/Src/stm32f4xx_hal_gpio.o
 .debug_info    0x00000000000055cb      0xa53 Drivers/STM32F4xx_HAL_Driver/Src/stm32f4xx_hal_rcc.o
 .debug_info    0x000000000000601e     0x3188 Drivers/STM32F4xx_HAL_Driver/Src/stm32f4xx_hal_tim.o
 .debug_info    0x00000000000091a6     0x1497 Drivers/STM32F4xx_HAL_Driver/Src/stm32f4xx_hal_tim_ex.o
 .debug_info    0x000000000000a63d     0x2730 Middlewares/Third_Party/FreeRTOS/Source/CMSIS_RTOS/cmsis_os.o
 .debug_info    0x000000000000cd6d      0xad2 Middlewares/Third_Party/FreeRTOS/Source/list.o
 .debug_info    0x000000000000d83f     0x27c2 Middlewares/Third_Party/FreeRTOS/Source/queue.o
 .debug_info    0x0000000000010001     0x2cf9 Middlewares/Third_Party/FreeRTOS/Source/tasks.o
 .debug_info    0x0000000000012cfa      0x56f Middlewares/Third_Party/FreeRTOS/Source/portable/GCC/ARM_CM4F/port.o
 .debug_info    0x0000000000013269      0xc71 Middlewares/Third_Party/FreeRTOS/Source/portable/MemMang/heap_4.o
 .debug_info    0x0000000000013eda       0x22 startup/startup_stm32f427xx.o

.debug_abbrev   0x0000000000000000     0x2b92
 .debug_abbrev  0x0000000000000000      0x1c3 Core/Src/freertos.o
 .debug_abbrev  0x00000000000001c3      0x162 Core/Src/gpio.o
 .debug_abbrev  0x0000000000000325      0x214 Core/Src/main.o
 .debug_abbrev  0x0000000000000539      0x133 Core/Src/stm32f4xx_hal_msp.o
 .debug_abbrev  0x000000000000066c      0x1f0 Core/Src/stm32f4xx_hal_timebase_tim.o
 .debug_abbrev  0x000000000000085c      0x178 Core/Src/stm32f4xx_it.o
 .debug_abbrev  0x00000000000009d4      0x111 Core/Src/system_stm32f4xx.o
 .debug_abbrev  0x0000000000000ae5      0x1f1 Drivers/STM32F4xx_HAL_Driver/Src/stm32f4xx_hal.o
 .debug_abbrev  0x0000000000000cd6      0x328 Drivers/STM32F4xx_HAL_Driver/Src/stm32f4xx_hal_cortex.o
 .debug_abbrev  0x0000000000000ffe      0x1e7 Drivers/STM32F4xx_HAL_Driver/Src/stm32f4xx_hal_gpio.o
 .debug_abbrev  0x00000000000011e5      0x273 Drivers/STM32F4xx_HAL_Driver/Src/stm32f4xx_hal_rcc.o
 .debug_abbrev  0x0000000000001458      0x226 Drivers/STM32F4xx_HAL_Driver/Src/stm32f4xx_hal_tim.o
 .debug_abbrev  0x000000000000167e      0x237 Drivers/STM32F4xx_HAL_Driver/Src/stm32f4xx_hal_tim_ex.o
 .debug_abbrev  0x00000000000018b5      0x3d4 Middlewares/Third_Party/FreeRTOS/Source/CMSIS_RTOS/cmsis_os.o
 .debug_abbrev  0x0000000000001c89      0x223 Middlewares/Third_Party/FreeRTOS/Source/list.o
 .debug_abbrev  0x0000000000001eac      0x3ce Middlewares/Third_Party/FreeRTOS/Source/queue.o
 .debug_abbrev  0x000000000000227a      0x3b1 Middlewares/Third_Party/FreeRTOS/Source/tasks.o
 .debug_abbrev  0x000000000000262b      0x23d Middlewares/Third_Party/FreeRTOS/Source/portable/GCC/ARM_CM4F/port.o
 .debug_abbrev  0x0000000000002868      0x318 Middlewares/Third_Party/FreeRTOS/Source/portable/MemMang/heap_4.o
 .debug_abbrev  0x0000000000002b80       0x12 startup/startup_stm32f427xx.o

.debug_loc      0x0000000000000000     0x958a
 .debug_loc     0x0000000000000000       0x42 Core/Src/freertos.o
 .debug_loc     0x0000000000000042       0x3a Core/Src/main.o
 .debug_loc     0x000000000000007c       0x6a Core/Src/stm32f4xx_hal_timebase_tim.o
 .debug_loc     0x00000000000000e6      0x13e Core/Src/system_stm32f4xx.o
 .debug_loc     0x0000000000000224       0xfd Drivers/STM32F4xx_HAL_Driver/Src/stm32f4xx_hal.o
 .debug_loc     0x0000000000000321      0x5ce Drivers/STM32F4xx_HAL_Driver/Src/stm32f4xx_hal_cortex.o
 .debug_loc     0x00000000000008ef      0x497 Drivers/STM32F4xx_HAL_Driver/Src/stm32f4xx_hal_gpio.o
 .debug_loc     0x0000000000000d86      0x3f1 Drivers/STM32F4xx_HAL_Driver/Src/stm32f4xx_hal_rcc.o
 .debug_loc     0x0000000000001177     0x3888 Drivers/STM32F4xx_HAL_Driver/Src/stm32f4xx_hal_tim.o
 .debug_loc     0x00000000000049ff     0x11b6 Drivers/STM32F4xx_HAL_Driver/Src/stm32f4xx_hal_tim_ex.o
 .debug_loc     0x0000000000005bb5      0xf87 Middlewares/Third_Party/FreeRTOS/Source/CMSIS_RTOS/cmsis_os.o
 .debug_loc     0x0000000000006b3c       0x70 Middlewares/Third_Party/FreeRTOS/Source/list.o
 .debug_loc     0x0000000000006bac     0x1114 Middlewares/Third_Party/FreeRTOS/Source/queue.o
 .debug_loc     0x0000000000007cc0     0x155d Middlewares/Third_Party/FreeRTOS/Source/tasks.o
 .debug_loc     0x000000000000921d       0xdc Middlewares/Third_Party/FreeRTOS/Source/portable/GCC/ARM_CM4F/port.o
 .debug_loc     0x00000000000092f9      0x291 Middlewares/Third_Party/FreeRTOS/Source/portable/MemMang/heap_4.o

.debug_aranges  0x0000000000000000      0xe98
 .debug_aranges
                0x0000000000000000       0x38 Core/Src/freertos.o
 .debug_aranges
                0x0000000000000038       0x20 Core/Src/gpio.o
 .debug_aranges
                0x0000000000000058       0x38 Core/Src/main.o
 .debug_aranges
                0x0000000000000090       0x20 Core/Src/stm32f4xx_hal_msp.o
 .debug_aranges
                0x00000000000000b0       0x30 Core/Src/stm32f4xx_hal_timebase_tim.o
 .debug_aranges
                0x00000000000000e0       0x50 Core/Src/stm32f4xx_it.o
 .debug_aranges
                0x0000000000000130       0x28 Core/Src/system_stm32f4xx.o
 .debug_aranges
                0x0000000000000158      0x100 Drivers/STM32F4xx_HAL_Driver/Src/stm32f4xx_hal.o
 .debug_aranges
                0x0000000000000258       0xa8 Drivers/STM32F4xx_HAL_Driver/Src/stm32f4xx_hal_cortex.o
 .debug_aranges
                0x0000000000000300       0x58 Drivers/STM32F4xx_HAL_Driver/Src/stm32f4xx_hal_gpio.o
 .debug_aranges
                0x0000000000000358       0x88 Drivers/STM32F4xx_HAL_Driver/Src/stm32f4xx_hal_rcc.o
 .debug_aranges
                0x00000000000003e0      0x3a8 Drivers/STM32F4xx_HAL_Driver/Src/stm32f4xx_hal_tim.o
 .debug_aranges
                0x0000000000000788      0x150 Drivers/STM32F4xx_HAL_Driver/Src/stm32f4xx_hal_tim_ex.o
 .debug_aranges
                0x00000000000008d8      0x1d8 Middlewares/Third_Party/FreeRTOS/Source/CMSIS_RTOS/cmsis_os.o
 .debug_aranges
                0x0000000000000ab0       0x40 Middlewares/Third_Party/FreeRTOS/Source/list.o
 .debug_aranges
                0x0000000000000af0      0x108 Middlewares/Third_Party/FreeRTOS/Source/queue.o
 .debug_aranges
                0x0000000000000bf8      0x1a8 Middlewares/Third_Party/FreeRTOS/Source/tasks.o
 .debug_aranges
                0x0000000000000da0       0x80 Middlewares/Third_Party/FreeRTOS/Source/portable/GCC/ARM_CM4F/port.o
 .debug_aranges
                0x0000000000000e20       0x50 Middlewares/Third_Party/FreeRTOS/Source/portable/MemMang/heap_4.o
 .debug_aranges
                0x0000000000000e70       0x28 startup/startup_stm32f427xx.o

.debug_ranges   0x0000000000000000      0xf28
 .debug_ranges  0x0000000000000000       0x28 Core/Src/freertos.o
 .debug_ranges  0x0000000000000028       0x10 Core/Src/gpio.o
 .debug_ranges  0x0000000000000038       0x28 Core/Src/main.o
 .debug_ranges  0x0000000000000060       0x10 Core/Src/stm32f4xx_hal_msp.o
 .debug_ranges  0x0000000000000070       0x20 Core/Src/stm32f4xx_hal_timebase_tim.o
 .debug_ranges  0x0000000000000090       0x40 Core/Src/stm32f4xx_it.o
 .debug_ranges  0x00000000000000d0       0x18 Core/Src/system_stm32f4xx.o
 .debug_ranges  0x00000000000000e8       0xf0 Drivers/STM32F4xx_HAL_Driver/Src/stm32f4xx_hal.o
 .debug_ranges  0x00000000000001d8       0xf8 Drivers/STM32F4xx_HAL_Driver/Src/stm32f4xx_hal_cortex.o
 .debug_ranges  0x00000000000002d0       0x48 Drivers/STM32F4xx_HAL_Driver/Src/stm32f4xx_hal_gpio.o
 .debug_ranges  0x0000000000000318       0x90 Drivers/STM32F4xx_HAL_Driver/Src/stm32f4xx_hal_rcc.o
 .debug_ranges  0x00000000000003a8      0x398 Drivers/STM32F4xx_HAL_Driver/Src/stm32f4xx_hal_tim.o
 .debug_ranges  0x0000000000000740      0x140 Drivers/STM32F4xx_HAL_Driver/Src/stm32f4xx_hal_tim_ex.o
 .debug_ranges  0x0000000000000880      0x1c8 Middlewares/Third_Party/FreeRTOS/Source/CMSIS_RTOS/cmsis_os.o
 .debug_ranges  0x0000000000000a48       0x30 Middlewares/Third_Party/FreeRTOS/Source/list.o
 .debug_ranges  0x0000000000000a78      0x1d8 Middlewares/Third_Party/FreeRTOS/Source/queue.o
 .debug_ranges  0x0000000000000c50      0x208 Middlewares/Third_Party/FreeRTOS/Source/tasks.o
 .debug_ranges  0x0000000000000e58       0x70 Middlewares/Third_Party/FreeRTOS/Source/portable/GCC/ARM_CM4F/port.o
 .debug_ranges  0x0000000000000ec8       0x40 Middlewares/Third_Party/FreeRTOS/Source/portable/MemMang/heap_4.o
 .debug_ranges  0x0000000000000f08       0x20 startup/startup_stm32f427xx.o

.debug_macro    0x0000000000000000    0x2377b
 .debug_macro   0x0000000000000000      0x281 Core/Src/freertos.o
 .debug_macro   0x0000000000000281      0xa60 Core/Src/freertos.o
 .debug_macro   0x0000000000000ce1      0x174 Core/Src/freertos.o
 .debug_macro   0x0000000000000e55       0x22 Core/Src/freertos.o
 .debug_macro   0x0000000000000e77       0x8e Core/Src/freertos.o
 .debug_macro   0x0000000000000f05       0x51 Core/Src/freertos.o
 .debug_macro   0x0000000000000f56       0xef Core/Src/freertos.o
 .debug_macro   0x0000000000001045       0x6a Core/Src/freertos.o
 .debug_macro   0x00000000000010af      0x1df Core/Src/freertos.o
 .debug_macro   0x000000000000128e       0xd6 Core/Src/freertos.o
 .debug_macro   0x0000000000001364      0x15a Core/Src/freertos.o
 .debug_macro   0x00000000000014be       0xd7 Core/Src/freertos.o
 .debug_macro   0x0000000000001595       0x10 Core/Src/freertos.o
 .debug_macro   0x00000000000015a5       0x1f Core/Src/freertos.o
 .debug_macro   0x00000000000015c4      0x4b7 Core/Src/freertos.o
 .debug_macro   0x0000000000001a7b       0xb5 Core/Src/freertos.o
 .debug_macro   0x0000000000001b30       0x8c Core/Src/freertos.o
 .debug_macro   0x0000000000001bbc      0x184 Core/Src/freertos.o
 .debug_macro   0x0000000000001d40       0x32 Core/Src/freertos.o
 .debug_macro   0x0000000000001d72       0x28 Core/Src/freertos.o
 .debug_macro   0x0000000000001d9a       0x1c Core/Src/freertos.o
 .debug_macro   0x0000000000001db6       0x22 Core/Src/freertos.o
 .debug_macro   0x0000000000001dd8       0xdf Core/Src/freertos.o
 .debug_macro   0x0000000000001eb7     0x102d Core/Src/freertos.o
 .debug_macro   0x0000000000002ee4      0x11f Core/Src/freertos.o
 .debug_macro   0x0000000000003003    0x17862 Core/Src/freertos.o
 .debug_macro   0x000000000001a865       0x43 Core/Src/freertos.o
 .debug_macro   0x000000000001a8a8     0x3644 Core/Src/freertos.o
 .debug_macro   0x000000000001deec       0x4e Core/Src/freertos.o
 .debug_macro   0x000000000001df3a      0xc6d Core/Src/freertos.o
 .debug_macro   0x000000000001eba7      0x9fe Core/Src/freertos.o
 .debug_macro   0x000000000001f5a5       0xed Core/Src/freertos.o
 .debug_macro   0x000000000001f692      0x117 Core/Src/freertos.o
 .debug_macro   0x000000000001f7a9      0x16f Core/Src/freertos.o
 .debug_macro   0x000000000001f918       0x27 Core/Src/freertos.o
 .debug_macro   0x000000000001f93f      0x287 Core/Src/freertos.o
 .debug_macro   0x000000000001fbc6       0x5f Core/Src/freertos.o
 .debug_macro   0x000000000001fc25      0x236 Core/Src/freertos.o
 .debug_macro   0x000000000001fe5b      0x132 Core/Src/freertos.o
 .debug_macro   0x000000000001ff8d      0x41d Core/Src/freertos.o
 .debug_macro   0x00000000000203aa       0x2e Core/Src/freertos.o
 .debug_macro   0x00000000000203d8      0x11a Core/Src/freertos.o
 .debug_macro   0x00000000000204f2       0xe2 Core/Src/freertos.o
 .debug_macro   0x00000000000205d4       0x89 Core/Src/freertos.o
 .debug_macro   0x000000000002065d      0x87d Core/Src/freertos.o
 .debug_macro   0x0000000000020eda       0x47 Core/Src/freertos.o
 .debug_macro   0x0000000000020f21      0x134 Core/Src/freertos.o
 .debug_macro   0x0000000000021055       0x91 Core/Src/freertos.o
 .debug_macro   0x00000000000210e6       0x8d Core/Src/freertos.o
 .debug_macro   0x0000000000021173       0x7e Core/Src/freertos.o
 .debug_macro   0x00000000000211f1       0x19 Core/Src/freertos.o
 .debug_macro   0x000000000002120a       0xf2 Core/Src/freertos.o
 .debug_macro   0x00000000000212fc      0x1d8 Core/Src/gpio.o
 .debug_macro   0x00000000000214d4      0x28f Core/Src/main.o
 .debug_macro   0x0000000000021763       0xd6 Core/Src/main.o
 .debug_macro   0x0000000000021839      0x1ce Core/Src/stm32f4xx_hal_msp.o
 .debug_macro   0x0000000000021a07      0x1c4 Core/Src/stm32f4xx_hal_timebase_tim.o
 .debug_macro   0x0000000000021bcb      0x28b Core/Src/stm32f4xx_it.o
 .debug_macro   0x0000000000021e56      0x1ca Core/Src/system_stm32f4xx.o
 .debug_macro   0x0000000000022020      0x224 Drivers/STM32F4xx_HAL_Driver/Src/stm32f4xx_hal.o
 .debug_macro   0x0000000000022244      0x1c4 Drivers/STM32F4xx_HAL_Driver/Src/stm32f4xx_hal_cortex.o
 .debug_macro   0x0000000000022408      0x1fa Drivers/STM32F4xx_HAL_Driver/Src/stm32f4xx_hal_gpio.o
 .debug_macro   0x0000000000022602      0x1e8 Drivers/STM32F4xx_HAL_Driver/Src/stm32f4xx_hal_rcc.o
 .debug_macro   0x00000000000227ea      0x1c5 Drivers/STM32F4xx_HAL_Driver/Src/stm32f4xx_hal_tim.o
 .debug_macro   0x00000000000229af      0x1c4 Drivers/STM32F4xx_HAL_Driver/Src/stm32f4xx_hal_tim_ex.o
 .debug_macro   0x0000000000022b73      0x1ec Middlewares/Third_Party/FreeRTOS/Source/CMSIS_RTOS/cmsis_os.o
 .debug_macro   0x0000000000022d5f       0x10 Middlewares/Third_Party/FreeRTOS/Source/CMSIS_RTOS/cmsis_os.o
 .debug_macro   0x0000000000022d6f       0xc7 Middlewares/Third_Party/FreeRTOS/Source/CMSIS_RTOS/cmsis_os.o
 .debug_macro   0x0000000000022e36      0x17a Middlewares/Third_Party/FreeRTOS/Source/list.o
 .debug_macro   0x0000000000022fb0      0x200 Middlewares/Third_Party/FreeRTOS/Source/queue.o
 .debug_macro   0x00000000000231b0       0x16 Middlewares/Third_Party/FreeRTOS/Source/queue.o
 .debug_macro   0x00000000000231c6      0x26e Middlewares/Third_Party/FreeRTOS/Source/tasks.o
 .debug_macro   0x0000000000023434       0x10 Middlewares/Third_Party/FreeRTOS/Source/tasks.o
 .debug_macro   0x0000000000023444      0x196 Middlewares/Third_Party/FreeRTOS/Source/portable/GCC/ARM_CM4F/port.o
 .debug_macro   0x00000000000235da      0x1a1 Middlewares/Third_Party/FreeRTOS/Source/portable/MemMang/heap_4.o

.debug_line     0x0000000000000000     0xb74b
 .debug_line    0x0000000000000000      0x8b9 Core/Src/freertos.o
 .debug_line    0x00000000000008b9      0x6ad Core/Src/gpio.o
 .debug_line    0x0000000000000f66      0x8cd Core/Src/main.o
 .debug_line    0x0000000000001833      0x6aa Core/Src/stm32f4xx_hal_msp.o
 .debug_line    0x0000000000001edd      0x6d7 Core/Src/stm32f4xx_hal_timebase_tim.o
 .debug_line    0x00000000000025b4      0x8e7 Core/Src/stm32f4xx_it.o
 .debug_line    0x0000000000002e9b      0x6d0 Core/Src/system_stm32f4xx.o
 .debug_line    0x000000000000356b      0x8c7 Drivers/STM32F4xx_HAL_Driver/Src/stm32f4xx_hal.o
 .debug_line    0x0000000000003e32      0x8f9 Drivers/STM32F4xx_HAL_Driver/Src/stm32f4xx_hal_cortex.o
 .debug_line    0x000000000000472b      0x845 Drivers/STM32F4xx_HAL_Driver/Src/stm32f4xx_hal_gpio.o
 .debug_line    0x0000000000004f70      0x919 Drivers/STM32F4xx_HAL_Driver/Src/stm32f4xx_hal_rcc.o
 .debug_line    0x0000000000005889     0x188c Drivers/STM32F4xx_HAL_Driver/Src/stm32f4xx_hal_tim.o
 .debug_line    0x0000000000007115      0xcd4 Drivers/STM32F4xx_HAL_Driver/Src/stm32f4xx_hal_tim_ex.o
 .debug_line    0x0000000000007de9      0xbf9 Middlewares/Third_Party/FreeRTOS/Source/CMSIS_RTOS/cmsis_os.o
 .debug_line    0x00000000000089e2      0x57d Middlewares/Third_Party/FreeRTOS/Source/list.o
 .debug_line    0x0000000000008f5f      0xc3a Middlewares/Third_Party/FreeRTOS/Source/queue.o
 .debug_line    0x0000000000009b99      0xece Middlewares/Third_Party/FreeRTOS/Source/tasks.o
 .debug_line    0x000000000000aa67      0x634 Middlewares/Third_Party/FreeRTOS/Source/portable/GCC/ARM_CM4F/port.o
 .debug_line    0x000000000000b09b      0x631 Middlewares/Third_Party/FreeRTOS/Source/portable/MemMang/heap_4.o
 .debug_line    0x000000000000b6cc       0x7f startup/startup_stm32f427xx.o

.debug_str      0x0000000000000000    0xda40c
 .debug_str     0x0000000000000000    0xd1c62 Core/Src/freertos.o
                                      0xd1f4b (size before relaxing)
 .debug_str     0x00000000000d1c62      0x1ad Core/Src/gpio.o
                                      0xcc129 (size before relaxing)
 .debug_str     0x00000000000d1e0f      0x5b6 Core/Src/main.o
                                      0xd221c (size before relaxing)
 .debug_str     0x00000000000d23c5      0x569 Core/Src/stm32f4xx_hal_msp.o
                                      0xcc5be (size before relaxing)
 .debug_str     0x00000000000d292e      0x111 Core/Src/stm32f4xx_hal_timebase_tim.o
                                      0xccb34 (size before relaxing)
 .debug_str     0x00000000000d2a3f       0xbe Core/Src/stm32f4xx_it.o
                                      0xd1fa5 (size before relaxing)
 .debug_str     0x00000000000d2afd       0xc4 Core/Src/system_stm32f4xx.o
                                      0xcc0f5 (size before relaxing)
 .debug_str     0x00000000000d2bc1      0x60c Drivers/STM32F4xx_HAL_Driver/Src/stm32f4xx_hal.o
                                      0xccd03 (size before relaxing)
 .debug_str     0x00000000000d31cd      0x331 Drivers/STM32F4xx_HAL_Driver/Src/stm32f4xx_hal_cortex.o
                                      0xcc9eb (size before relaxing)
 .debug_str     0x00000000000d34fe      0x1d9 Drivers/STM32F4xx_HAL_Driver/Src/stm32f4xx_hal_gpio.o
                                      0xcc334 (size before relaxing)
 .debug_str     0x00000000000d36d7      0x1f2 Drivers/STM32F4xx_HAL_Driver/Src/stm32f4xx_hal_rcc.o
                                      0xcc4fe (size before relaxing)
 .debug_str     0x00000000000d38c9      0xd6e Drivers/STM32F4xx_HAL_Driver/Src/stm32f4xx_hal_tim.o
                                      0xcd241 (size before relaxing)
 .debug_str     0x00000000000d4637      0x4d4 Drivers/STM32F4xx_HAL_Driver/Src/stm32f4xx_hal_tim_ex.o
                                      0xcca59 (size before relaxing)
 .debug_str     0x00000000000d4b0b     0x3577 Middlewares/Third_Party/FreeRTOS/Source/CMSIS_RTOS/cmsis_os.o
                                       0xdc85 (size before relaxing)
 .debug_str     0x00000000000d8082      0x225 Middlewares/Third_Party/FreeRTOS/Source/list.o
                                       0xa138 (size before relaxing)
 .debug_str     0x00000000000d82a7      0x7b4 Middlewares/Third_Party/FreeRTOS/Source/queue.o
                                       0xb936 (size before relaxing)
 .debug_str     0x00000000000d8a5b      0xfbc Middlewares/Third_Party/FreeRTOS/Source/tasks.o
                                       0xc3d6 (size before relaxing)
 .debug_str     0x00000000000d9a17      0x783 Middlewares/Third_Party/FreeRTOS/Source/portable/GCC/ARM_CM4F/port.o
                                       0x8228 (size before relaxing)
 .debug_str     0x00000000000da19a      0x243 Middlewares/Third_Party/FreeRTOS/Source/portable/MemMang/heap_4.o
                                       0xa87a (size before relaxing)
 .debug_str     0x00000000000da3dd       0x2f startup/startup_stm32f427xx.o
                                         0x54 (size before relaxing)

.comment        0x0000000000000000       0x7f
 .comment       0x0000000000000000       0x7f Core/Src/freertos.o
                                         0x80 (size before relaxing)
 .comment       0x000000000000007f       0x80 Core/Src/gpio.o
 .comment       0x000000000000007f       0x80 Core/Src/main.o
 .comment       0x000000000000007f       0x80 Core/Src/stm32f4xx_hal_msp.o
 .comment       0x000000000000007f       0x80 Core/Src/stm32f4xx_hal_timebase_tim.o
 .comment       0x000000000000007f       0x80 Core/Src/stm32f4xx_it.o
 .comment       0x000000000000007f       0x80 Core/Src/system_stm32f4xx.o
 .comment       0x000000000000007f       0x80 Drivers/STM32F4xx_HAL_Driver/Src/stm32f4xx_hal.o
 .comment       0x000000000000007f       0x80 Drivers/STM32F4xx_HAL_Driver/Src/stm32f4xx_hal_cortex.o
 .comment       0x000000000000007f       0x80 Drivers/STM32F4xx_HAL_Driver/Src/stm32f4xx_hal_gpio.o
 .comment       0x000000000000007f       0x80 Drivers/STM32F4xx_HAL_Driver/Src/stm32f4xx_hal_rcc.o
 .comment       0x000000000000007f       0x80 Drivers/STM32F4xx_HAL_Driver/Src/stm32f4xx_hal_tim.o
 .comment       0x000000000000007f       0x80 Drivers/STM32F4xx_HAL_Driver/Src/stm32f4xx_hal_tim_ex.o
 .comment       0x000000000000007f       0x80 Middlewares/Third_Party/FreeRTOS/Source/CMSIS_RTOS/cmsis_os.o
 .comment       0x000000000000007f       0x80 Middlewares/Third_Party/FreeRTOS/Source/list.o
 .comment       0x000000000000007f       0x80 Middlewares/Third_Party/FreeRTOS/Source/queue.o
 .comment       0x000000000000007f       0x80 Middlewares/Third_Party/FreeRTOS/Source/tasks.o
 .comment       0x000000000000007f       0x80 Middlewares/Third_Party/FreeRTOS/Source/portable/GCC/ARM_CM4F/port.o
 .comment       0x000000000000007f       0x80 Middlewares/Third_Party/FreeRTOS/Source/portable/MemMang/heap_4.o

.debug_frame    0x0000000000000000     0x2734
 .debug_frame   0x0000000000000000       0x74 Core/Src/freertos.o
 .debug_frame   0x0000000000000074       0x30 Core/Src/gpio.o
 .debug_frame   0x00000000000000a4       0x70 Core/Src/main.o
 .debug_frame   0x0000000000000114       0x2c Core/Src/stm32f4xx_hal_msp.o
 .debug_frame   0x0000000000000140       0x50 Core/Src/stm32f4xx_hal_timebase_tim.o
 .debug_frame   0x0000000000000190       0x88 Core/Src/stm32f4xx_it.o
 .debug_frame   0x0000000000000218       0x30 Core/Src/system_stm32f4xx.o
 .debug_frame   0x0000000000000248      0x20c Drivers/STM32F4xx_HAL_Driver/Src/stm32f4xx_hal.o
 .debug_frame   0x0000000000000454      0x15c Drivers/STM32F4xx_HAL_Driver/Src/stm32f4xx_hal_cortex.o
 .debug_frame   0x00000000000005b0       0xd8 Drivers/STM32F4xx_HAL_Driver/Src/stm32f4xx_hal_gpio.o
 .debug_frame   0x0000000000000688      0x184 Drivers/STM32F4xx_HAL_Driver/Src/stm32f4xx_hal_rcc.o
 .debug_frame   0x000000000000080c      0xa7c Drivers/STM32F4xx_HAL_Driver/Src/stm32f4xx_hal_tim.o
 .debug_frame   0x0000000000001288      0x3b8 Drivers/STM32F4xx_HAL_Driver/Src/stm32f4xx_hal_tim_ex.o
 .debug_frame   0x0000000000001640      0x598 Middlewares/Third_Party/FreeRTOS/Source/CMSIS_RTOS/cmsis_os.o
 .debug_frame   0x0000000000001bd8       0x6c Middlewares/Third_Party/FreeRTOS/Source/list.o
 .debug_frame   0x0000000000001c44      0x34c Middlewares/Third_Party/FreeRTOS/Source/queue.o
 .debug_frame   0x0000000000001f90      0x54c Middlewares/Third_Party/FreeRTOS/Source/tasks.o
 .debug_frame   0x00000000000024dc      0x100 Middlewares/Third_Party/FreeRTOS/Source/portable/GCC/ARM_CM4F/port.o
 .debug_frame   0x00000000000025dc       0xac Middlewares/Third_Party/FreeRTOS/Source/portable/MemMang/heap_4.o
 .debug_frame   0x0000000000002688       0x2c /home/vaserg/Ac6/SystemWorkbench/plugins/fr.ac6.mcu.externaltools.arm-none.linux64_1.17.0.201812190825/tools/compiler/bin/../lib/gcc/arm-none-eabi/7.3.1/thumb/v7e-m/fpv4-sp/hard/libgcc.a(_aeabi_uldivmod.o)
 .debug_frame   0x00000000000026b4       0x34 /home/vaserg/Ac6/SystemWorkbench/plugins/fr.ac6.mcu.externaltools.arm-none.linux64_1.17.0.201812190825/tools/compiler/bin/../lib/gcc/arm-none-eabi/7.3.1/thumb/v7e-m/fpv4-sp/hard/libgcc.a(_udivmoddi4.o)
 .debug_frame   0x00000000000026e8       0x2c /home/vaserg/Ac6/SystemWorkbench/plugins/fr.ac6.mcu.externaltools.arm-none.linux64_1.17.0.201812190825/tools/compiler/bin/../lib/gcc/arm-none-eabi/7.3.1/../../../../arm-none-eabi/lib/thumb/v7e-m/fpv4-sp/hard/libc_nano.a(lib_a-init.o)
 .debug_frame   0x0000000000002714       0x20 /home/vaserg/Ac6/SystemWorkbench/plugins/fr.ac6.mcu.externaltools.arm-none.linux64_1.17.0.201812190825/tools/compiler/bin/../lib/gcc/arm-none-eabi/7.3.1/../../../../arm-none-eabi/lib/thumb/v7e-m/fpv4-sp/hard/libc_nano.a(lib_a-memset.o)
